// Jest Snapshot v1, https://goo.gl/fbAQLP

exports[`SteamAccount should render SteamAccount correctly 1`] = `
<div
  aria-hidden="true"
  aria-labelledby="steamAccountLabel"
  className="modal fade"
  id="steamAccount"
  tabIndex="-1"
>
  <div
    className="modal-dialog modal-dialog-centered"
  >
    <div
      className="modal-content"
    >
      <div
        className="modal-header"
      >
        <h5
          className="modal-title"
          id="steamAccountLabel"
        >
          <svg
            className="mr-2"
            fill="currentColor"
            height="1em"
            stroke="currentColor"
            strokeWidth="0"
            style={
              Object {
                "color": undefined,
              }
            }
            viewBox="0 0 496 512"
            width="1em"
            xmlns="http://www.w3.org/2000/svg"
          >
            <path
              d="M496 256c0 137-111.2 248-248.4 248-113.8 0-209.6-76.3-239-180.4l95.2 39.3c6.4 32.1 34.9 56.4 68.9 56.4 39.2 0 71.9-32.4 70.2-73.5l84.5-60.2c52.1 1.3 95.8-40.9 95.8-93.5 0-51.6-42-93.5-93.7-93.5s-93.7 42-93.7 93.5v1.2L176.6 279c-15.5-.9-30.7 3.4-43.5 12.1L0 236.1C10.2 108.4 117.1 8 247.6 8 384.8 8 496 119 496 256zM155.7 384.3l-30.5-12.6a52.79 52.79 0 0 0 27.2 25.8c26.9 11.2 57.8-1.6 69-28.4 5.4-13 5.5-27.3.1-40.3-5.4-13-15.5-23.2-28.5-28.6-12.9-5.4-26.7-5.2-38.9-.6l31.5 13c19.8 8.2 29.2 30.9 20.9 50.7-8.3 19.9-31 29.2-50.8 21zm173.8-129.9c-34.4 0-62.4-28-62.4-62.3s28-62.3 62.4-62.3 62.4 28 62.4 62.3-27.9 62.3-62.4 62.3zm.1-15.6c25.9 0 46.9-21 46.9-46.8 0-25.9-21-46.8-46.9-46.8s-46.9 21-46.9 46.8c.1 25.8 21.1 46.8 46.9 46.8z"
            />
          </svg>
          Steam Account
        </h5>
        <button
          aria-label="Close"
          className="close"
          data-dismiss="modal"
          type="button"
        >
          <span
            aria-hidden="true"
          >
            Ã—
          </span>
        </button>
      </div>
      <div
        className="modal-body"
      >
        <div
          className="container text-white text-center"
        >
          <h6
            className="gradientText"
          >
            Connect your Steam trade link to your account!
          </h6>
          <img
            alt=""
            className="userImage rounded-circle my-3"
            height="70"
            src=""
            width="70"
          />
          <span
            className="accountName mt-0"
          >
            Test User
          </span>
          <div
            className="trade-url-instruction"
          >
            <h6
              className="gradientText mt-1 mb-2 d-block"
            >
              How to get a Steam trade URL?
            </h6>
            <span>
              CSFairTrade requires a Steam trade URL for trading. The steam trade URL can be obtained by clicking the "Click here to get trade URL" button and you will be redirected to the Valve website. Copy the URL and paste it below. Click "Apply" to save your trade URL
            </span>
          </div>
          <div
            className="w-100 d-flex my-2"
          >
            <input
              className="form-control w-75"
              onChange={[Function]}
              placeholder="Enter your Trade URL here"
              type="text"
            />
            <div
              className="text-left"
            >
               
              <button
                className="btn gradient-button  my-0 ml-3 px-4 mr-2 my-sm-0 text-white"
                onClick={[Function]}
                type="button"
              >
                Apply
              </button>
            </div>
          </div>
          <div
            className="get-trade-url text-center"
          >
            <a
              href="https://steamcommunity.com/profiles/123456/tradeoffers/privacy"
              rel="noopener noreferrer"
              target="_blank"
            >
              <button
                className="btn navbarBtn gradientText px-5 steamAccount-button"
              >
                Click here to get trade URL
              </button>
            </a>
          </div>
        </div>
      </div>
      <div
        className="modal-footer"
      >
        <button
          className="gradientText px-5 steamAccount-button"
          data-dismiss="modal"
          type="button"
        >
          Close
        </button>
      </div>
    </div>
  </div>
</div>
`;
